2026-07-29 19:19:05: -- 分析已由 On File Change First Full Analyze Upon Folder Connect 啟動
2026-07-29 19:19:05: 左: 讀取狀態檔案 C:/DatabaseOwnedByKen/Obsidian Personal/國立中山大學/_gsdata_/_file_state_v4._gs
2026-07-29 19:19:05: 右: 讀取狀態檔案 C:/DatabaseOwnedByKen/Quartz/Obsidian_Published_by_Quartz/content/國立中山大學/_gsdata_/_file_state_v4._gs
2026-07-29 19:19:05: 變更：5，衝突：0，複製時間：0，修正狀態：0，錯誤：0, All: 47
2026-07-29 19:19:05: Left to Right: Copy File: 5 
2026-07-29 19:19:05: == 同步作業已由 On File Change First Full Analyze Upon Folder Connect 啟動
2026-07-29 19:19:05: ConnectCloned connected to file:///C:/DatabaseOwnedByKen/Obsidian Personal/國立中山大學
2026-07-29 19:19:05: ConnectCloned connected to file:///C:/DatabaseOwnedByKen/Obsidian Personal/國立中山大學
2026-07-29 19:19:05: ConnectCloned connected to file:///C:/DatabaseOwnedByKen/Obsidian Personal/國立中山大學
2026-07-29 19:19:05: ConnectCloned connected to file:///C:/DatabaseOwnedByKen/Obsidian Personal/國立中山大學
2026-07-29 19:19:05: ConnectCloned connected to file:///C:/DatabaseOwnedByKen/Obsidian Personal/國立中山大學
2026-07-29 19:19:05: ConnectCloned connected to file:///C:/DatabaseOwnedByKen/Quartz/Obsidian_Published_by_Quartz/content/國立中山大學
2026-07-29 19:19:05: ConnectCloned connected to file:///C:/DatabaseOwnedByKen/Quartz/Obsidian_Published_by_Quartz/content/國立中山大學
2026-07-29 19:19:05: ConnectCloned connected to file:///C:/DatabaseOwnedByKen/Quartz/Obsidian_Published_by_Quartz/content/國立中山大學
2026-07-29 19:19:05: ConnectCloned connected to file:///C:/DatabaseOwnedByKen/Quartz/Obsidian_Published_by_Quartz/content/國立中山大學
2026-07-29 19:19:05: ConnectCloned connected to file:///C:/DatabaseOwnedByKen/Quartz/Obsidian_Published_by_Quartz/content/國立中山大學
2026-07-29 19:19:05: 覆寫 'C:/DatabaseOwnedByKen/Obsidian Personal/國立中山大學/法規分項/培力英檢 與 英語文檢定 相關認證與獎勵標準.md' -> 'C:/DatabaseOwnedByKen/Quartz/Obsidian_Published_by_Quartz/content/國立中山大學/法規分項/培力英檢 與 英語文檢定 相關認證與獎勵標準.md' (7,805)
2026-07-29 19:19:05: 覆寫 'C:/DatabaseOwnedByKen/Obsidian Personal/國立中山大學/法規分項/校內捐贈獎學金細項.md' -> 'C:/DatabaseOwnedByKen/Quartz/Obsidian_Published_by_Quartz/content/國立中山大學/法規分項/校內捐贈獎學金細項.md' (702)
2026-07-29 19:19:05: 覆寫 'C:/DatabaseOwnedByKen/Obsidian Personal/國立中山大學/法規分項/選課系統須知.md' -> 'C:/DatabaseOwnedByKen/Quartz/Obsidian_Published_by_Quartz/content/國立中山大學/法規分項/選課系統須知.md' (13,046)
2026-07-29 19:19:05: 覆寫 'C:/DatabaseOwnedByKen/Obsidian Personal/國立中山大學/法規分項/圖書館 與 學生餐廳營業時間.md' -> 'C:/DatabaseOwnedByKen/Quartz/Obsidian_Published_by_Quartz/content/國立中山大學/法規分項/圖書館 與 學生餐廳營業時間.md' (801)
2026-07-29 19:19:05: 覆寫 'C:/DatabaseOwnedByKen/Obsidian Personal/國立中山大學/法規分項/住、退宿 注意事項.md' -> 'C:/DatabaseOwnedByKen/Quartz/Obsidian_Published_by_Quartz/content/國立中山大學/法規分項/住、退宿 注意事項.md' (5,167)
2026-07-29 19:19:05: 儲存狀態檔案 C:/DatabaseOwnedByKen/Obsidian Personal/國立中山大學/_gsdata_/_file_state_v4._gs
2026-07-29 19:19:05: 儲存狀態檔案 C:/DatabaseOwnedByKen/Quartz/Obsidian_Published_by_Quartz/content/國立中山大學/_gsdata_/_file_state_v4._gs
2026-07-29 19:19:05: == 同步完成。時間：00:00:00，速度：0.00/s, 成功：5，錯誤：0
